127.0.0.1 - - [29/May/2020:10:36:07 +0900] "GET / HTTP/1.1" 404 750
0:0:0:0:0:0:0:1 - - [29/May/2020:10:36:08 +0900] "GET /exweb/member/list.do HTTP/1.1" 200 19
0:0:0:0:0:0:0:1 - - [29/May/2020:10:36:08 +0900] "GET /favicon.ico HTTP/1.1" 404 761
127.0.0.1 - - [29/May/2020:10:46:42 +0900] "GET / HTTP/1.1" 404 750
0:0:0:0:0:0:0:1 - - [29/May/2020:10:46:43 +0900] "GET /exweb/member/list.do HTTP/1.1" 200 339
127.0.0.1 - - [29/May/2020:10:57:01 +0900] "GET / HTTP/1.1" 404 750
0:0:0:0:0:0:0:1 - - [29/May/2020:10:57:01 +0900] "GET /exweb/member/list.do HTTP/1.1" 200 338
127.0.0.1 - - [29/May/2020:10:58:53 +0900] "GET / HTTP/1.1" 404 750
0:0:0:0:0:0:0:1 - - [29/May/2020:10:58:53 +0900] "GET /exweb/member/list.do HTTP/1.1" 200 338
127.0.0.1 - - [29/May/2020:11:01:30 +0900] "GET / HTTP/1.1" 404 750
0:0:0:0:0:0:0:1 - - [29/May/2020:11:01:31 +0900] "GET /exweb/member/list.do HTTP/1.1" 200 440
127.0.0.1 - - [29/May/2020:11:15:16 +0900] "GET / HTTP/1.1" 404 750
0:0:0:0:0:0:0:1 - - [29/May/2020:11:15:17 +0900] "GET /exweb/member/list.do HTTP/1.1" 200 492
127.0.0.1 - - [29/May/2020:11:22:36 +0900] "GET / HTTP/1.1" 404 750
0:0:0:0:0:0:0:1 - - [29/May/2020:11:22:37 +0900] "GET /exweb/member/addform.do HTTP/1.1" 200 338
127.0.0.1 - - [29/May/2020:11:32:05 +0900] "GET / HTTP/1.1" 404 750
0:0:0:0:0:0:0:1 - - [29/May/2020:11:32:06 +0900] "GET /exweb/member/addform.do HTTP/1.1" 200 367
0:0:0:0:0:0:0:1 - - [29/May/2020:11:32:30 +0900] "GET /exweb/member/addform.do HTTP/1.1" 200 367
127.0.0.1 - - [29/May/2020:11:32:36 +0900] "GET / HTTP/1.1" 404 750
0:0:0:0:0:0:0:1 - - [29/May/2020:11:32:37 +0900] "GET /exweb/member/addform.do HTTP/1.1" 200 372
127.0.0.1 - - [29/May/2020:11:43:27 +0900] "GET / HTTP/1.1" 404 750
0:0:0:0:0:0:0:1 - - [29/May/2020:11:43:28 +0900] "GET /exweb/member/addform.do HTTP/1.1" 200 623
127.0.0.1 - - [29/May/2020:11:45:43 +0900] "GET / HTTP/1.1" 404 750
0:0:0:0:0:0:0:1 - - [29/May/2020:11:45:43 +0900] "GET /exweb/member/addform.do HTTP/1.1" 200 788
0:0:0:0:0:0:0:1 - - [29/May/2020:11:46:47 +0900] "POST /member/addform.do HTTP/1.1" 404 771
127.0.0.1 - - [29/May/2020:11:47:25 +0900] "GET / HTTP/1.1" 404 750
0:0:0:0:0:0:0:1 - - [29/May/2020:11:47:25 +0900] "GET /exweb/member/addform.do HTTP/1.1" 200 803
127.0.0.1 - - [29/May/2020:13:18:51 +0900] "GET / HTTP/1.1" 404 750
0:0:0:0:0:0:0:1 - - [29/May/2020:13:18:52 +0900] "GET /exweb/member/add.do HTTP/1.1" 500 1208
0:0:0:0:0:0:0:1 - - [29/May/2020:13:19:08 +0900] "GET /exweb/member/addform.do HTTP/1.1" 200 796
0:0:0:0:0:0:0:1 - - [29/May/2020:13:19:30 +0900] "POST /exweb/member/add.do HTTP/1.1" 200 -
0:0:0:0:0:0:0:1 - - [29/May/2020:13:20:14 +0900] "GET /exweb/member/list.do HTTP/1.1" 200 528
0:0:0:0:0:0:0:1 - - [29/May/2020:13:24:31 +0900] "GET /exweb/member/add.do HTTP/1.1" 500 1208
0:0:0:0:0:0:0:1 - - [29/May/2020:13:24:35 +0900] "GET /exweb/member/addform.do HTTP/1.1" 200 796
0:0:0:0:0:0:0:1 - - [29/May/2020:13:33:16 +0900] "GET /exweb/member/add.do HTTP/1.1" 500 1208
127.0.0.1 - - [29/May/2020:13:33:17 +0900] "GET / HTTP/1.1" 404 750
0:0:0:0:0:0:0:1 - - [29/May/2020:13:33:24 +0900] "GET /exweb/member/addform.do HTTP/1.1" 200 796
0:0:0:0:0:0:0:1 - - [29/May/2020:13:33:41 +0900] "POST /exweb/member/add.do HTTP/1.1" 200 -
0:0:0:0:0:0:0:1 - - [29/May/2020:13:33:41 +0900] "POST /exweb/member/add.do HTTP/1.1" 200 -
0:0:0:0:0:0:0:1 - - [29/May/2020:13:33:46 +0900] "GET /exweb/member/list.do HTTP/1.1" 200 561
0:0:0:0:0:0:0:1 - - [29/May/2020:13:33:48 +0900] "GET /exweb/member/list.do HTTP/1.1" 200 561
127.0.0.1 - - [29/May/2020:13:36:13 +0900] "GET / HTTP/1.1" 404 750
0:0:0:0:0:0:0:1 - - [29/May/2020:13:36:14 +0900] "GET /exweb/member/lista.do HTTP/1.1" 200 561
127.0.0.1 - - [29/May/2020:13:47:43 +0900] "GET / HTTP/1.1" 404 750
0:0:0:0:0:0:0:1 - - [29/May/2020:13:47:43 +0900] "GET /exweb/member/addform.do HTTP/1.1" 200 889
0:0:0:0:0:0:0:1 - - [29/May/2020:13:47:45 +0900] "GET /member/list.do HTTP/1.1" 404 768
127.0.0.1 - - [29/May/2020:13:48:21 +0900] "GET / HTTP/1.1" 404 750
0:0:0:0:0:0:0:1 - - [29/May/2020:13:48:21 +0900] "GET /exweb/member/add.do HTTP/1.1" 500 1438
127.0.0.1 - - [29/May/2020:13:49:08 +0900] "GET / HTTP/1.1" 404 750
0:0:0:0:0:0:0:1 - - [29/May/2020:13:49:11 +0900] "GET /exweb/member/addform.do HTTP/1.1" 200 889
0:0:0:0:0:0:0:1 - - [29/May/2020:13:49:11 +0900] "GET /favicon.ico HTTP/1.1" 404 761
0:0:0:0:0:0:0:1 - - [29/May/2020:13:49:29 +0900] "GET /exweb/member/list.do HTTP/1.1" 200 561
0:0:0:0:0:0:0:1 - - [29/May/2020:13:49:45 +0900] "POST /exweb/member/add.do HTTP/1.1" 200 -
127.0.0.1 - - [29/May/2020:14:07:12 +0900] "GET / HTTP/1.1" 404 750
0:0:0:0:0:0:0:1 - - [29/May/2020:14:07:12 +0900] "GET /exweb/member/add.do HTTP/1.1" 500 1208
127.0.0.1 - - [29/May/2020:14:09:18 +0900] "GET / HTTP/1.1" 404 750
0:0:0:0:0:0:0:1 - - [29/May/2020:14:09:19 +0900] "GET /exweb/member/add.do HTTP/1.1" 500 1208
0:0:0:0:0:0:0:1 - - [29/May/2020:14:09:28 +0900] "POST /exweb/member/add.do HTTP/1.1" 200 -
0:0:0:0:0:0:0:1 - - [29/May/2020:14:10:17 +0900] "GET /exweb/member/addform.do HTTP/1.1" 200 798
0:0:0:0:0:0:0:1 - - [29/May/2020:14:10:17 +0900] "GET /favicon.ico HTTP/1.1" 404 761
0:0:0:0:0:0:0:1 - - [29/May/2020:14:10:26 +0900] "POST /exweb/member/add.do HTTP/1.1" 200 -
127.0.0.1 - - [29/May/2020:14:17:00 +0900] "GET / HTTP/1.1" 404 750
0:0:0:0:0:0:0:1 - - [29/May/2020:14:17:00 +0900] "GET /exweb/member/add.do HTTP/1.1" 500 1208
127.0.0.1 - - [29/May/2020:14:17:48 +0900] "GET / HTTP/1.1" 404 750
0:0:0:0:0:0:0:1 - - [29/May/2020:14:17:48 +0900] "GET /exweb/member/addform.do HTTP/1.1" 200 796
0:0:0:0:0:0:0:1 - - [29/May/2020:14:18:03 +0900] "POST /exweb/member/add.do HTTP/1.1" 200 -
127.0.0.1 - - [29/May/2020:14:19:24 +0900] "GET / HTTP/1.1" 404 750
0:0:0:0:0:0:0:1 - - [29/May/2020:14:19:25 +0900] "GET /exweb/member/addform.do HTTP/1.1" 200 796
0:0:0:0:0:0:0:1 - - [29/May/2020:14:19:32 +0900] "POST /exweb/member/add.do HTTP/1.1" 500 1327
127.0.0.1 - - [29/May/2020:14:21:38 +0900] "GET / HTTP/1.1" 404 750
0:0:0:0:0:0:0:1 - - [29/May/2020:14:21:39 +0900] "GET /exweb/member/addform.do HTTP/1.1" 200 796
127.0.0.1 - - [29/May/2020:14:22:15 +0900] "GET / HTTP/1.1" 404 750
0:0:0:0:0:0:0:1 - - [29/May/2020:14:22:15 +0900] "GET /exweb/member/addform.do HTTP/1.1" 200 796
127.0.0.1 - - [29/May/2020:14:22:26 +0900] "GET / HTTP/1.1" 404 750
0:0:0:0:0:0:0:1 - - [29/May/2020:14:22:26 +0900] "GET /exweb/member/addform.do HTTP/1.1" 200 796
127.0.0.1 - - [29/May/2020:14:23:41 +0900] "GET / HTTP/1.1" 404 750
0:0:0:0:0:0:0:1 - - [29/May/2020:14:23:41 +0900] "GET /exweb/member/addform.do HTTP/1.1" 200 796
0:0:0:0:0:0:0:1 - - [29/May/2020:14:23:50 +0900] "POST /exweb/member/add.do HTTP/1.1" 200 -
127.0.0.1 - - [29/May/2020:14:24:26 +0900] "GET / HTTP/1.1" 404 750
0:0:0:0:0:0:0:1 - - [29/May/2020:14:24:27 +0900] "GET /exweb/member/addform.do HTTP/1.1" 200 796
0:0:0:0:0:0:0:1 - - [29/May/2020:14:24:34 +0900] "POST /exweb/member/add.do HTTP/1.1" 200 -
127.0.0.1 - - [29/May/2020:14:25:14 +0900] "GET / HTTP/1.1" 404 750
0:0:0:0:0:0:0:1 - - [29/May/2020:14:25:15 +0900] "GET /exweb/member/addform.do HTTP/1.1" 200 796
0:0:0:0:0:0:0:1 - - [29/May/2020:14:25:21 +0900] "POST /exweb/member/add.do HTTP/1.1" 200 374
0:0:0:0:0:0:0:1 - - [29/May/2020:14:25:22 +0900] "GET /exweb/member/list.do HTTP/1.1" 200 803
127.0.0.1 - - [29/May/2020:14:33:29 +0900] "GET / HTTP/1.1" 404 750
0:0:0:0:0:0:0:1 - - [29/May/2020:14:33:31 +0900] "GET /exweb/member/addform.do HTTP/1.1" 200 796
0:0:0:0:0:0:0:1 - - [29/May/2020:14:33:31 +0900] "GET /favicon.ico HTTP/1.1" 404 761
0:0:0:0:0:0:0:1 - - [29/May/2020:14:33:40 +0900] "POST /exweb/member/add.do HTTP/1.1" 302 -
0:0:0:0:0:0:0:1 - - [29/May/2020:14:33:41 +0900] "GET /exweb/member/list.do HTTP/1.1" 200 413
0:0:0:0:0:0:0:1 - - [29/May/2020:14:48:24 +0900] "GET /exweb/servlet/kr.ac.kopo.member.MemberDelServlet$MemberAddFormServlet HTTP/1.1" 404 827
127.0.0.1 - - [29/May/2020:14:49:07 +0900] "GET / HTTP/1.1" 404 750
0:0:0:0:0:0:0:1 - - [29/May/2020:14:49:07 +0900] "GET /exweb/servlet/kr.ac.kopo.member.MemberDelServlet$MemberAddFormServlet HTTP/1.1" 404 827
0:0:0:0:0:0:0:1 - - [29/May/2020:14:59:11 +0900] "GET /exweb/servlet/kr.ac.kopo.member.MemberDelServlet$MemberAddFormServlet HTTP/1.1" 404 827
127.0.0.1 - - [29/May/2020:14:59:11 +0900] "GET / HTTP/1.1" 404 750
127.0.0.1 - - [29/May/2020:15:02:00 +0900] "GET / HTTP/1.1" 404 750
0:0:0:0:0:0:0:1 - - [29/May/2020:15:02:00 +0900] "GET /exweb/servlet/kr.ac.kopo.member.MemberDelServlet$MemberAddFormServlet HTTP/1.1" 404 827
127.0.0.1 - - [29/May/2020:15:03:33 +0900] "GET / HTTP/1.1" 404 750
0:0:0:0:0:0:0:1 - - [29/May/2020:15:03:33 +0900] "GET /exweb/servlet/kr.ac.kopo.member.MemberDelServlet$MemberAddFormServlet HTTP/1.1" 404 827
127.0.0.1 - - [29/May/2020:15:07:58 +0900] "GET / HTTP/1.1" 404 750
0:0:0:0:0:0:0:1 - - [29/May/2020:15:07:58 +0900] "GET /exweb/member/delform.do HTTP/1.1" 200 609
0:0:0:0:0:0:0:1 - - [29/May/2020:15:08:05 +0900] "POST /exweb/member/del.do HTTP/1.1" 302 -
0:0:0:0:0:0:0:1 - - [29/May/2020:15:08:05 +0900] "GET /exweb/member/list.do HTTP/1.1" 200 413
127.0.0.1 - - [29/May/2020:15:16:14 +0900] "GET / HTTP/1.1" 404 750
0:0:0:0:0:0:0:1 - - [29/May/2020:15:16:15 +0900] "GET /exweb/member/del.do HTTP/1.1" 302 -
0:0:0:0:0:0:0:1 - - [29/May/2020:15:16:15 +0900] "GET /exweb/member/list.do HTTP/1.1" 200 413
127.0.0.1 - - [29/May/2020:15:18:55 +0900] "GET / HTTP/1.1" 404 750
0:0:0:0:0:0:0:1 - - [29/May/2020:15:18:56 +0900] "GET /exweb/member/del.do HTTP/1.1" 302 -
0:0:0:0:0:0:0:1 - - [29/May/2020:15:18:56 +0900] "GET /exweb/member/list.do HTTP/1.1" 200 413
0:0:0:0:0:0:0:1 - - [29/May/2020:15:19:40 +0900] "GET /exweb/member/list.do?memId=a001 HTTP/1.1" 200 413
0:0:0:0:0:0:0:1 - - [29/May/2020:15:19:46 +0900] "GET /exweb/member/del.do HTTP/1.1" 302 -
0:0:0:0:0:0:0:1 - - [29/May/2020:15:19:46 +0900] "GET /exweb/member/list.do HTTP/1.1" 200 413
0:0:0:0:0:0:0:1 - - [29/May/2020:15:20:11 +0900] "GET /exweb/member/del.do?memId=a001 HTTP/1.1" 302 -
0:0:0:0:0:0:0:1 - - [29/May/2020:15:20:11 +0900] "GET /exweb/member/list.do HTTP/1.1" 200 376
0:0:0:0:0:0:0:1 - - [29/May/2020:15:22:07 +0900] "GET /exweb/member/addform.do HTTP/1.1" 200 796
0:0:0:0:0:0:0:1 - - [29/May/2020:15:22:19 +0900] "POST /exweb/member/add.do HTTP/1.1" 302 -
0:0:0:0:0:0:0:1 - - [29/May/2020:15:22:19 +0900] "GET /exweb/member/list.do HTTP/1.1" 200 414
0:0:0:0:0:0:0:1 - - [29/May/2020:15:22:25 +0900] "GET /exweb/member/list.do HTTP/1.1" 200 414
0:0:0:0:0:0:0:1 - - [29/May/2020:15:22:44 +0900] "POST /exweb/member/add.do HTTP/1.1" 302 -
0:0:0:0:0:0:0:1 - - [29/May/2020:15:22:44 +0900] "GET /exweb/member/list.do HTTP/1.1" 200 455
0:0:0:0:0:0:0:1 - - [29/May/2020:15:23:23 +0900] "GET /exweb/member/del.do?memId=a003 HTTP/1.1" 302 -
0:0:0:0:0:0:0:1 - - [29/May/2020:15:23:23 +0900] "GET /exweb/member/list.do HTTP/1.1" 200 414
127.0.0.1 - - [29/May/2020:15:24:18 +0900] "GET / HTTP/1.1" 404 750
0:0:0:0:0:0:0:1 - - [29/May/2020:15:24:19 +0900] "GET /exweb/member/del.do HTTP/1.1" 302 -
0:0:0:0:0:0:0:1 - - [29/May/2020:15:24:19 +0900] "GET /exweb/member/list.do HTTP/1.1" 200 414
0:0:0:0:0:0:0:1 - - [29/May/2020:15:24:41 +0900] "GET /exweb/member/del.do?delid=a002 HTTP/1.1" 302 -
0:0:0:0:0:0:0:1 - - [29/May/2020:15:24:41 +0900] "GET /exweb/member/list.do HTTP/1.1" 200 414
0:0:0:0:0:0:0:1 - - [29/May/2020:15:24:58 +0900] "GET /exweb/member/del.do?memid=a001 HTTP/1.1" 302 -
0:0:0:0:0:0:0:1 - - [29/May/2020:15:24:58 +0900] "GET /exweb/member/list.do HTTP/1.1" 200 376
127.0.0.1 - - [29/May/2020:15:28:27 +0900] "GET / HTTP/1.1" 404 750
0:0:0:0:0:0:0:1 - - [29/May/2020:15:28:28 +0900] "GET /exweb/member/list.do HTTP/1.1" 200 403
127.0.0.1 - - [29/May/2020:15:32:33 +0900] "GET / HTTP/1.1" 404 750
0:0:0:0:0:0:0:1 - - [29/May/2020:15:32:34 +0900] "GET /exweb/member/list.do HTTP/1.1" 200 449
127.0.0.1 - - [29/May/2020:15:34:31 +0900] "GET / HTTP/1.1" 404 750
0:0:0:0:0:0:0:1 - - [29/May/2020:15:34:32 +0900] "GET /exweb/member/list.do HTTP/1.1" 200 449
0:0:0:0:0:0:0:1 - - [29/May/2020:15:34:34 +0900] "GET /exweb/member/del.do?memId=a002 HTTP/1.1" 302 -
0:0:0:0:0:0:0:1 - - [29/May/2020:15:34:34 +0900] "GET /exweb/member/list.do HTTP/1.1" 200 338
0:0:0:0:0:0:0:1 - - [29/May/2020:15:34:40 +0900] "GET /exweb/member/addform.do HTTP/1.1" 200 796
0:0:0:0:0:0:0:1 - - [29/May/2020:15:34:45 +0900] "POST /exweb/member/add.do HTTP/1.1" 500 1325
0:0:0:0:0:0:0:1 - - [29/May/2020:15:34:52 +0900] "POST /exweb/member/add.do HTTP/1.1" 302 -
0:0:0:0:0:0:0:1 - - [29/May/2020:15:34:52 +0900] "GET /exweb/member/list.do HTTP/1.1" 200 449
0:0:0:0:0:0:0:1 - - [29/May/2020:15:35:01 +0900] "POST /exweb/member/add.do HTTP/1.1" 302 -
0:0:0:0:0:0:0:1 - - [29/May/2020:15:35:01 +0900] "GET /exweb/member/list.do HTTP/1.1" 200 560
0:0:0:0:0:0:0:1 - - [29/May/2020:15:35:09 +0900] "POST /exweb/member/add.do HTTP/1.1" 302 -
0:0:0:0:0:0:0:1 - - [29/May/2020:15:35:09 +0900] "GET /exweb/member/list.do HTTP/1.1" 200 674
0:0:0:0:0:0:0:1 - - [29/May/2020:15:35:37 +0900] "GET /exweb/member/del.do?memId=a003 HTTP/1.1" 302 -
0:0:0:0:0:0:0:1 - - [29/May/2020:15:35:37 +0900] "GET /exweb/member/list.do HTTP/1.1" 200 560
127.0.0.1 - - [29/May/2020:15:48:24 +0900] "GET / HTTP/1.1" 404 750
0:0:0:0:0:0:0:1 - - [29/May/2020:15:48:25 +0900] "GET /exweb/member/list.do HTTP/1.1" 200 728
0:0:0:0:0:0:0:1 - - [29/May/2020:15:48:37 +0900] "GET /exweb/exweb/member/addform.do HTTP/1.1" 404 791
127.0.0.1 - - [29/May/2020:15:50:35 +0900] "GET / HTTP/1.1" 404 750
0:0:0:0:0:0:0:1 - - [29/May/2020:15:50:36 +0900] "GET /exweb/member/list.do HTTP/1.1" 200 627
0:0:0:0:0:0:0:1 - - [29/May/2020:15:50:38 +0900] "GET /exweb/exweb/member/addform.do HTTP/1.1" 404 791
127.0.0.1 - - [29/May/2020:15:51:08 +0900] "GET / HTTP/1.1" 404 750
0:0:0:0:0:0:0:1 - - [29/May/2020:15:51:09 +0900] "GET /exweb/member/list.do HTTP/1.1" 200 621
0:0:0:0:0:0:0:1 - - [29/May/2020:15:51:10 +0900] "GET /exweb/member/addform.do HTTP/1.1" 200 796
0:0:0:0:0:0:0:1 - - [29/May/2020:15:51:41 +0900] "GET /exweb/member/addform.do HTTP/1.1" 200 796
0:0:0:0:0:0:0:1 - - [29/May/2020:15:52:01 +0900] "POST /exweb/member/add.do HTTP/1.1" 302 -
0:0:0:0:0:0:0:1 - - [29/May/2020:15:52:01 +0900] "GET /exweb/member/list.do HTTP/1.1" 200 732
127.0.0.1 - - [29/May/2020:16:12:29 +0900] "GET / HTTP/1.1" 404 750
0:0:0:0:0:0:0:1 - - [29/May/2020:16:12:29 +0900] "GET /exweb/servlet/kr.ac.kopo.member.MemberEditFormServlet$MemberAddFormServlet HTTP/1.1" 404 832
0:0:0:0:0:0:0:1 - - [29/May/2020:16:13:12 +0900] "GET /exweb/member/addform.do HTTP/1.1" 200 796
127.0.0.1 - - [29/May/2020:16:13:59 +0900] "GET / HTTP/1.1" 404 750
0:0:0:0:0:0:0:1 - - [29/May/2020:16:13:59 +0900] "GET /exweb/servlet/kr.ac.kopo.member.MemberEditFormServlet$MemberAddFormServlet HTTP/1.1" 404 832
127.0.0.1 - - [29/May/2020:16:23:13 +0900] "GET / HTTP/1.1" 404 750
0:0:0:0:0:0:0:1 - - [29/May/2020:16:23:14 +0900] "GET /exweb/servlet/kr.ac.kopo.member.MemberEditFormServlet$MemberAddFormServlet HTTP/1.1" 404 832
127.0.0.1 - - [29/May/2020:16:24:48 +0900] "GET / HTTP/1.1" 404 750
0:0:0:0:0:0:0:1 - - [29/May/2020:16:24:49 +0900] "GET /exweb/servlet/kr.ac.kopo.member.MemberEditFormServlet$MemberAddFormServlet HTTP/1.1" 404 832
127.0.0.1 - - [29/May/2020:16:25:20 +0900] "GET / HTTP/1.1" 404 750
0:0:0:0:0:0:0:1 - - [29/May/2020:16:25:21 +0900] "GET /exweb/servlet/kr.ac.kopo.member.MemberEditFormServlet$MemberAddFormServlet HTTP/1.1" 404 832
127.0.0.1 - - [29/May/2020:16:25:51 +0900] "GET / HTTP/1.1" 404 750
0:0:0:0:0:0:0:1 - - [29/May/2020:16:25:51 +0900] "GET /exweb/servlet/kr.ac.kopo.member.MemberEditFormServlet HTTP/1.1" 404 811
0:0:0:0:0:0:0:1 - - [29/May/2020:16:26:24 +0900] "GET /exweb/servlet/kr.ac.kopo.member.MemberEditFormServlet HTTP/1.1" 404 811
127.0.0.1 - - [29/May/2020:16:28:10 +0900] "GET / HTTP/1.1" 404 750
0:0:0:0:0:0:0:1 - - [29/May/2020:16:28:11 +0900] "GET /exweb/servlet/kr.ac.kopo.member.MemberEditFormServlet HTTP/1.1" 404 811
0:0:0:0:0:0:0:1 - - [29/May/2020:16:28:22 +0900] "GET /exweb/servlet/kr.ac.kopo.member.MemberEditFormServlet HTTP/1.1" 404 811
127.0.0.1 - - [29/May/2020:16:28:22 +0900] "GET / HTTP/1.1" 404 750
127.0.0.1 - - [29/May/2020:16:29:01 +0900] "GET / HTTP/1.1" 404 750
0:0:0:0:0:0:0:1 - - [29/May/2020:16:29:01 +0900] "GET /exweb/servlet/kr.ac.kopo.member.MemberEditFormServlet HTTP/1.1" 404 811
127.0.0.1 - - [29/May/2020:16:29:51 +0900] "GET / HTTP/1.1" 404 750
0:0:0:0:0:0:0:1 - - [29/May/2020:16:29:52 +0900] "GET /exweb/servlet/kr.ac.kopo.member.MemberEditFormServlet HTTP/1.1" 404 811
127.0.0.1 - - [29/May/2020:16:31:09 +0900] "GET / HTTP/1.1" 404 750
0:0:0:0:0:0:0:1 - - [29/May/2020:16:31:09 +0900] "GET /exweb/member/edit.do HTTP/1.1" 500 3699
127.0.0.1 - - [29/May/2020:16:31:54 +0900] "GET / HTTP/1.1" 404 750
0:0:0:0:0:0:0:1 - - [29/May/2020:16:31:56 +0900] "GET /exweb/member/edit.do HTTP/1.1" 200 848
0:0:0:0:0:0:0:1 - - [29/May/2020:16:31:56 +0900] "GET /favicon.ico HTTP/1.1" 404 761
127.0.0.1 - - [29/May/2020:16:45:25 +0900] "GET / HTTP/1.1" 404 750
0:0:0:0:0:0:0:1 - - [29/May/2020:16:45:26 +0900] "GET /exweb/member/edit.do HTTP/1.1" 200 345
0:0:0:0:0:0:0:1 - - [29/May/2020:16:45:58 +0900] "GET /exweb/member/edit.do?memId=a001 HTTP/1.1" 200 856
0:0:0:0:0:0:0:1 - - [29/May/2020:16:46:16 +0900] "POST /exweb/member/add.do HTTP/1.1" 302 -
0:0:0:0:0:0:0:1 - - [29/May/2020:16:46:16 +0900] "GET /exweb/member/list.do HTTP/1.1" 200 732
0:0:0:0:0:0:0:1 - - [29/May/2020:16:46:20 +0900] "GET /exweb/member/list.do HTTP/1.1" 200 732
0:0:0:0:0:0:0:1 - - [29/May/2020:16:46:30 +0900] "GET /exweb/member/list.do HTTP/1.1" 200 732
0:0:0:0:0:0:0:1 - - [29/May/2020:16:47:57 +0900] "GET /exweb/member/list.do HTTP/1.1" 200 732
127.0.0.1 - - [29/May/2020:16:48:05 +0900] "GET / HTTP/1.1" 404 750
0:0:0:0:0:0:0:1 - - [29/May/2020:16:48:07 +0900] "GET /exweb/member/list.do HTTP/1.1" 200 732
0:0:0:0:0:0:0:1 - - [29/May/2020:16:48:07 +0900] "GET /favicon.ico HTTP/1.1" 404 761
0:0:0:0:0:0:0:1 - - [29/May/2020:16:48:33 +0900] "GET /exweb/member/edit.do HTTP/1.1" 200 345
0:0:0:0:0:0:0:1 - - [29/May/2020:16:48:42 +0900] "GET /exweb/member/edit.do?memId=a001 HTTP/1.1" 200 856
0:0:0:0:0:0:0:1 - - [29/May/2020:16:48:46 +0900] "POST /exweb/member/add.do HTTP/1.1" 302 -
0:0:0:0:0:0:0:1 - - [29/May/2020:16:48:46 +0900] "GET /exweb/member/list.do HTTP/1.1" 200 732
127.0.0.1 - - [29/May/2020:17:11:04 +0900] "GET / HTTP/1.1" 404 750
0:0:0:0:0:0:0:1 - - [29/May/2020:17:11:05 +0900] "GET /exweb/member/edit.do HTTP/1.1" 200 345
0:0:0:0:0:0:0:1 - - [29/May/2020:17:11:10 +0900] "GET /exweb/member/edit.do?memId=a001 HTTP/1.1" 200 864
127.0.0.1 - - [29/May/2020:17:11:45 +0900] "GET / HTTP/1.1" 404 750
0:0:0:0:0:0:0:1 - - [29/May/2020:17:11:46 +0900] "GET /exweb/member/edit.do HTTP/1.1" 200 345
0:0:0:0:0:0:0:1 - - [29/May/2020:17:11:49 +0900] "GET /exweb/member/edit.do?memId=a001 HTTP/1.1" 200 864
127.0.0.1 - - [29/May/2020:17:16:03 +0900] "GET / HTTP/1.1" 404 750
0:0:0:0:0:0:0:1 - - [29/May/2020:17:16:04 +0900] "GET /exweb/member/edit.do HTTP/1.1" 200 345
0:0:0:0:0:0:0:1 - - [29/May/2020:17:16:07 +0900] "GET /exweb/member/edit.do?memId=a001 HTTP/1.1" 200 772
127.0.0.1 - - [29/May/2020:17:38:08 +0900] "GET / HTTP/1.1" 404 750
0:0:0:0:0:0:0:1 - - [29/May/2020:17:38:10 +0900] "GET /exweb/member/editForm.do HTTP/1.1" 200 345
0:0:0:0:0:0:0:1 - - [29/May/2020:17:38:10 +0900] "GET /favicon.ico HTTP/1.1" 404 761
0:0:0:0:0:0:0:1 - - [29/May/2020:17:38:25 +0900] "GET /exweb/member/editForm.do?memId=001 HTTP/1.1" 200 345
0:0:0:0:0:0:0:1 - - [29/May/2020:17:38:30 +0900] "GET /exweb/member/editForm.do?memId=a001 HTTP/1.1" 200 773
0:0:0:0:0:0:0:1 - - [29/May/2020:17:38:36 +0900] "POST /exweb/member/edit.do HTTP/1.1" 302 -
0:0:0:0:0:0:0:1 - - [29/May/2020:17:38:36 +0900] "GET /exweb/member/list.do HTTP/1.1" 200 732
127.0.0.1 - - [29/May/2020:17:39:17 +0900] "GET / HTTP/1.1" 404 750
0:0:0:0:0:0:0:1 - - [29/May/2020:17:39:18 +0900] "GET /exweb/member/editForm.do HTTP/1.1" 200 345
0:0:0:0:0:0:0:1 - - [29/May/2020:17:39:26 +0900] "GET /exweb/member/editForm.do?memId=a001 HTTP/1.1" 200 773
0:0:0:0:0:0:0:1 - - [29/May/2020:17:39:29 +0900] "POST /exweb/member/edit.do HTTP/1.1" 302 -
0:0:0:0:0:0:0:1 - - [29/May/2020:17:39:29 +0900] "GET /exweb/member/list.do HTTP/1.1" 200 732
127.0.0.1 - - [29/May/2020:17:40:17 +0900] "GET / HTTP/1.1" 404 750
0:0:0:0:0:0:0:1 - - [29/May/2020:17:40:18 +0900] "GET /exweb/member/editForm.do HTTP/1.1" 200 345
0:0:0:0:0:0:0:1 - - [29/May/2020:17:40:24 +0900] "GET /exweb/member/editForm.do?memId=a001 HTTP/1.1" 200 773
0:0:0:0:0:0:0:1 - - [29/May/2020:17:40:27 +0900] "POST /exweb/member/edit.do HTTP/1.1" 302 -
0:0:0:0:0:0:0:1 - - [29/May/2020:17:40:27 +0900] "GET /exweb/member/list.do HTTP/1.1" 200 732
127.0.0.1 - - [29/May/2020:17:41:42 +0900] "GET / HTTP/1.1" 404 750
0:0:0:0:0:0:0:1 - - [29/May/2020:17:41:42 +0900] "GET /exweb/member/edit.do HTTP/1.1" 500 1210
0:0:0:0:0:0:0:1 - - [29/May/2020:17:42:23 +0900] "GET /exweb/member/editForm.do?memId=a001 HTTP/1.1" 200 775
0:0:0:0:0:0:0:1 - - [29/May/2020:17:42:29 +0900] "POST /exweb/member/edit.do HTTP/1.1" 302 -
0:0:0:0:0:0:0:1 - - [29/May/2020:17:42:29 +0900] "GET /exweb/member/list.do HTTP/1.1" 200 732
127.0.0.1 - - [29/May/2020:17:45:09 +0900] "GET / HTTP/1.1" 404 750
0:0:0:0:0:0:0:1 - - [29/May/2020:17:45:10 +0900] "GET /exweb/member/editForm.do HTTP/1.1" 200 407
0:0:0:0:0:0:0:1 - - [29/May/2020:17:45:13 +0900] "GET /exweb/member/editForm.do HTTP/1.1" 200 407
0:0:0:0:0:0:0:1 - - [29/May/2020:17:45:22 +0900] "GET /exweb/member/editForm.do HTTP/1.1" 200 407
0:0:0:0:0:0:0:1 - - [29/May/2020:17:45:22 +0900] "GET /exweb/member/editForm.do HTTP/1.1" 200 407
0:0:0:0:0:0:0:1 - - [29/May/2020:17:45:23 +0900] "GET /exweb/member/editForm.do HTTP/1.1" 200 407
0:0:0:0:0:0:0:1 - - [29/May/2020:17:45:23 +0900] "GET /exweb/member/editForm.do HTTP/1.1" 200 407
0:0:0:0:0:0:0:1 - - [29/May/2020:17:45:23 +0900] "GET /exweb/member/editForm.do HTTP/1.1" 200 407
0:0:0:0:0:0:0:1 - - [29/May/2020:17:45:24 +0900] "GET /exweb/member/editForm.do HTTP/1.1" 200 407
0:0:0:0:0:0:0:1 - - [29/May/2020:17:45:24 +0900] "GET /exweb/member/editForm.do HTTP/1.1" 200 407
0:0:0:0:0:0:0:1 - - [29/May/2020:17:45:24 +0900] "GET /exweb/member/editForm.do HTTP/1.1" 200 407
0:0:0:0:0:0:0:1 - - [29/May/2020:17:45:25 +0900] "GET /exweb/member/editForm.do HTTP/1.1" 200 407
0:0:0:0:0:0:0:1 - - [29/May/2020:17:45:25 +0900] "GET /exweb/member/editForm.do HTTP/1.1" 200 407
0:0:0:0:0:0:0:1 - - [29/May/2020:17:49:17 +0900] "GET /exweb/member/editForm.do HTTP/1.1" 200 407
127.0.0.1 - - [29/May/2020:17:50:13 +0900] "GET / HTTP/1.1" 404 750
0:0:0:0:0:0:0:1 - - [29/May/2020:17:50:15 +0900] "GET /exweb/member/editForm.do HTTP/1.1" 200 403
0:0:0:0:0:0:0:1 - - [29/May/2020:17:50:15 +0900] "GET /exweb/member/edit.do HTTP/1.1" 500 1210
0:0:0:0:0:0:0:1 - - [29/May/2020:17:51:37 +0900] "GET /exweb/member/edit.do HTTP/1.1" 500 1210
